MSBuild version 17.14.40+3e7442088 for .NET Framework

  lcf.vcxproj -> C:\Users\Moge-ko\Downloads\EasyRPG-Chaos-Fork-20260315T200733Z-3-001\EasyRPG-Chaos-Fork\Player\build\vs2022\lib\liblcf\RelWithDebInfo\lcf.lib
  autobattle.cpp
  enemyai.cpp
  game_actor.cpp
  game_battlealgorithm.cpp
